n2link v0.3.0 - #305196c104

Loading configuration...
$N2LINK_HOME=/tmp/tmp.s9xw1Fw0av/cred-home
Loading config files:
	- `/tmp/tmp.s9xw1Fw0av/cred-home/n2linkd.toml`
	- `/tmp/tmp.s9xw1Fw0av/cred-home/n2linkd.dev.toml`
Logging sub-system initialized.

[INFO]	n2link Version=0.3.0-#305196c104
[INFO]	==========================================================

[INFO]	Starting n2link run-time engine...
[INFO]	Press CTRL+C to terminate.
[INFO]	Discovering all nodes...
[INFO]	Loading node registry...
[INFO]	Loading flows file: /tmp/tmp.s9xw1Fw0av/cred-home/flows.json
[INFO]	---- Loading global node: (id=`e0000000000000b2`, type=`mqtt-broker`, name='evidence broker')...
[INFO]	---- Loading flow/subflow: (id='e0000000000000b1', label='credentials')...
[INFO]	Using static directory: target/ui_static
[INFO]	Collecting static HTTP request handlers...
[INFO]	  - /inject/{node_id_str}
[INFO]	  - /debug/{id_str}/{action}
[INFO]	Starting web server at http://127.0.0.1:18890
[INFO]	Admin API available at:
[INFO]	Debug message listener started
[INFO]	  GET  http://127.0.0.1:18890/api/admin/flows
[INFO]	  POST http://127.0.0.1:18890/api/admin/flows
[INFO]	  GET  http://127.0.0.1:18890/api/admin/nodes
[INFO]	  GET  http://127.0.0.1:18890/api/admin/settings
[INFO]	Health check: http://127.0.0.1:18890/api/health
[INFO]	Status message listener started
[INFO]	/inject/{node_id_str}
[INFO]	/debug/{id_str}/{action}
[INFO]	Registering dynamic route: /inject/{node_id_str}
[INFO]	Registering dynamic route: /debug/{id_str}/{action}
[INFO]	-- Starting engine...
[INFO]	---- Starting Flow (id=e0000000000000b1)...
[INFO]	-- All flows started.
