n2link Daemon Program

n2link is a Node-RED compatible back-end engine implemented in Rust.

Copyright (C) 2023-TODAY Li Wei and contributors. All rights reserved.

For more information, visit the website: https://github.com/n2link/n2link


[1m[4mUsage:[0m [1mn2linkd[0m [OPTIONS] [COMMAND]

[1m[4mCommands:[0m
  [1mrun[0m          Run the n2link workflow engine
  [1mlist[0m         List all available node types
  [1mcredentials[0m  Inspect, migrate, rotate, recover, or export the credential sidecar
  [1mplugin[0m       Manage WASM plugins (offline; the runtime must be stopped)
  [1mhelp[0m         Print this message or the help of the given subcommand(s)

[1m[4mOptions:[0m
  [1m-v[0m, [1m--verbose[0m <VERBOSE>
          Use verbose output, '0' means quiet, no output printed to stdout
          
          [default: 2]

      [1m--home[0m <HOME>
          Home directory of n2link, default is `~/.n2linkd`

  [1m-l[0m, [1m--log-path[0m <LOG_PATH>
          Path of the log configuration file

      [1m--env[0m <ENV>
          Set the running environment in 'dev' or 'prod', default is `dev`

  [1m-u[0m, [1m--user-dir[0m <USER_DIR>
          Use specified user directory

  [1m-h[0m, [1m--help[0m
          Print help (see a summary with '-h')

  [1m-V[0m, [1m--version[0m
          Print version
